<html>
<body>
<pre>
<h1>µVision Build Log</h1>
<h2>Tool Versions:</h2>
IDE-Version: ¦ÌVision V5.24.2.0
Copyright (C) 2017 ARM Ltd and ARM Germany GmbH. All rights reserved.
License Information: xu JINQI, FREE, LIC=32BZ9-45BZE-Y7HRW-QI405-UQX61-4T0PN
 
Tool Versions:
Toolchain:       MDK-ARM Plus  Version: 5.24.1
Toolchain Path:  d:\Keil_v5\ARM\ARMCC\Bin
C Compiler:      Armcc.exe V5.06 update 5 (build 528)
Assembler:       Armasm.exe V5.06 update 5 (build 528)
Linker/Locator:  ArmLink.exe V5.06 update 5 (build 528)
Library Manager: ArmAr.exe V5.06 update 5 (build 528)
Hex Converter:   FromElf.exe V5.06 update 5 (build 528)
CPU DLL:         SARMCM3.DLL V5.24.1
Dialog DLL:      DARMCM1.DLL V1.18.0.0
Target DLL:      STLink\ST-LINKIII-KEIL_SWO.dll V3.0.1.0
Dialog DLL:      TARMCM1.DLL V1.13.0.0
 
<h2>Project:</h2>
F:\MM\taobao\AMS5600\as5600\MDK-ARM\as5600.uvprojx
Project File Date:  01/02/2019

<h2>Output:</h2>
*** Using Compiler 'V5.06 update 5 (build 528)', folder: 'd:\Keil_v5\ARM\ARMCC\Bin'
Rebuild target 'as5600'
assembling startup_stm32f030x6.s...
compiling main.c...
compiling as5600.c...
..\Src\as5600.c(311): warning:  #68-D: integer conversion resulted in a change of sign
    uint8_t retVal = -1;
..\Src\as5600.c(326): warning:  #68-D: integer conversion resulted in a change of sign
    uint16_t retVal = -1;
..\Src\as5600.c(625): warning:  #68-D: integer conversion resulted in a change of sign
          retVal = -3;
..\Src\as5600.c(630): warning:  #68-D: integer conversion resulted in a change of sign
        retVal = -2;
..\Src\as5600.c(633): warning:  #68-D: integer conversion resulted in a change of sign
      retVal = -1;
..\Src\as5600.c(655): warning:  #68-D: integer conversion resulted in a change of sign
        retVal = -2;
..\Src\as5600.c(660): warning:  #68-D: integer conversion resulted in a change of sign
      retVal = -1;
..\Src\as5600.c: 7 warnings, 0 errors
compiling stm32f0xx_it.c...
compiling stm32f0xx_hal_tim.c...
compiling stm32f0xx_hal_msp.c...
compiling stm32f0xx_hal_tim_ex.c...
compiling stm32f0xx_hal_uart_ex.c...
compiling stm32f0xx_hal_uart.c...
compiling stm32f0xx_hal_rcc.c...
compiling stm32f0xx_hal.c...
compiling stm32f0xx_hal_rcc_ex.c...
compiling stm32f0xx_hal_i2c.c...
compiling stm32f0xx_hal_i2c_ex.c...
compiling stm32f0xx_hal_gpio.c...
compiling stm32f0xx_hal_dma.c...
compiling stm32f0xx_hal_cortex.c...
compiling stm32f0xx_hal_pwr.c...
compiling stm32f0xx_hal_pwr_ex.c...
compiling stm32f0xx_hal_flash.c...
compiling stm32f0xx_hal_flash_ex.c...
compiling system_stm32f0xx.c...
linking...
Program Size: Code=9930 RO-data=234 RW-data=36 ZI-data=1204  
FromELF: creating hex file...
"as5600\as5600.axf" - 0 Error(s), 7 Warning(s).

<h2>Software Packages used:</h2>

Package Vendor: ARM
                http://www.keil.com/pack/ARM.CMSIS.5.0.1.pack
                ARM.CMSIS.5.0.1
                CMSIS (Cortex Microcontroller Software Interface Standard)
   * Component: CORE Version: 5.0.1

Package Vendor: Keil
                http://www.keil.com/pack/Keil.STM32F0xx_DFP.2.0.0.pack
                Keil.STM32F0xx_DFP.2.0.0
                STMicroelectronics STM32F0 Series Device Support, Drivers and Examples

<h2>Collection of Component include folders:</h2>
  .\RTE\_as5600
  d:\Keil_v5\ARM\PACK\ARM\CMSIS\5.0.1\CMSIS\Include
  d:\Keil_v5\ARM\PACK\Keil\STM32F0xx_DFP\2.0.0\Drivers\CMSIS\Device\ST\STM32F0xx\Include

<h2>Collection of Component Files used:</h2>

   * Component: ARM::CMSIS:CORE:5.0.1
Build Time Elapsed:  00:00:14
</pre>
</body>
</html>
